g++ : In file included from include/core/Engine.h:14:0,
At line:1 char:92
+ ... = "window"; g++ -std=c++17 -DGV_HAS_GLFW -DIMGUI_DISABLE_WIN32_FUNCTI ...
+                 ~~~~~~~~~~~~~~~~~~~~~~~~~~~~~~~~~~~~~~~~~~~~~~~~~~~~~~~~~
    + CategoryInfo          : NotSpecified: (In file include.../Engine.h:14:0,:String) [], RemoteE 
   xception
    + FullyQualifiedErrorId : NativeCommandError
 
                 from src/main.cpp:9:
include/scripting/ScriptEngine.h:24:19: fatal error: variant: No such file or directory
 #include <variant>
                   ^
compilation terminated.
In file included from include/core/Engine.h:14:0,
                 from src/core/Engine.cpp:4:
include/scripting/ScriptEngine.h:24:19: fatal error: variant: No such file or directory
 #include <variant>
                   ^
compilation terminated.
In file included from include/core/SceneSerializer.h:15:0,
                 from src/core/SceneSerializer.cpp:4:
include/scripting/ScriptEngine.h:24:19: fatal error: variant: No such file or directory
 #include <variant>
                   ^
compilation terminated.
src/renderer/Renderer.cpp: In member function 'virtual void 
gv::OpenGLRenderer::RenderScene(gv::Scene&, gv::Camera&)':
src/renderer/Renderer.cpp:338:43: error: invalid use of incomplete type 'class gv::Mesh'
         if (mr->GetMesh() && mr->GetMesh()->GetIndexCount() > 0) {
                                           ^~
In file included from src/renderer/Renderer.cpp:10:0:
include/renderer/MeshRenderer.h:17:7: note: forward declaration of 'class gv::Mesh'
 class Mesh;
       ^~~~
src/renderer/Renderer.cpp:340:26: error: invalid use of incomplete type 'class gv::Mesh'
             mr->GetMesh()->Bind();
                          ^~
In file included from src/renderer/Renderer.cpp:10:0:
include/renderer/MeshRenderer.h:17:7: note: forward declaration of 'class gv::Mesh'
 class Mesh;
       ^~~~
src/renderer/Renderer.cpp:342:62: error: invalid use of incomplete type 'class gv::Mesh'
                            static_cast<GLsizei>(mr->GetMesh()->GetIndexCount()),
                                                              ^~
In file included from src/renderer/Renderer.cpp:10:0:
include/renderer/MeshRenderer.h:17:7: note: forward declaration of 'class gv::Mesh'
 class Mesh;
       ^~~~
src/renderer/Renderer.cpp:344:26: error: invalid use of incomplete type 'class gv::Mesh'
             mr->GetMesh()->Unbind();
                          ^~
In file included from src/renderer/Renderer.cpp:10:0:
include/renderer/MeshRenderer.h:17:7: note: forward declaration of 'class gv::Mesh'
 class Mesh;
       ^~~~
src/renderer/Renderer.cpp: In member function 'void 
gv::OpenGLRenderer::RenderShadowPass(gv::Scene&, const gv::Vec3&)':
src/renderer/Renderer.cpp:973:43: error: invalid use of incomplete type 'class gv::Mesh'
         if (mr->GetMesh() && mr->GetMesh()->GetIndexCount() > 0) {
                                           ^~
In file included from src/renderer/Renderer.cpp:10:0:
include/renderer/MeshRenderer.h:17:7: note: forward declaration of 'class gv::Mesh'
 class Mesh;
       ^~~~
src/renderer/Renderer.cpp:975:26: error: invalid use of incomplete type 'class gv::Mesh'
             mr->GetMesh()->Bind();
                          ^~
In file included from src/renderer/Renderer.cpp:10:0:
include/renderer/MeshRenderer.h:17:7: note: forward declaration of 'class gv::Mesh'
 class Mesh;
       ^~~~
src/renderer/Renderer.cpp:977:62: error: invalid use of incomplete type 'class gv::Mesh'
                            static_cast<GLsizei>(mr->GetMesh()->GetIndexCount()),
                                                              ^~
In file included from src/renderer/Renderer.cpp:10:0:
include/renderer/MeshRenderer.h:17:7: note: forward declaration of 'class gv::Mesh'
 class Mesh;
       ^~~~
src/renderer/Renderer.cpp:979:26: error: invalid use of incomplete type 'class gv::Mesh'
             mr->GetMesh()->Unbind();
                          ^~
In file included from src/renderer/Renderer.cpp:10:0:
include/renderer/MeshRenderer.h:17:7: note: forward declaration of 'class gv::Mesh'
 class Mesh;
       ^~~~
src/assets/Assets.cpp: In member function 'bool gv::Mesh::LoadOBJ(const string&)':
src/assets/Assets.cpp:241:70: error: 'ComputeTangents' was not declared in this scope
         ComputeTangents(vertices[i], vertices[i + 1], vertices[i + 2]);
                                                                      ^
In file included from src/scripting/ScriptEngine.cpp:4:0:
include/scripting/ScriptEngine.h:24:19: fatal error: variant: No such file or directory
 #include <variant>
                   ^
compilation terminated.
